
> easylib.ts@1.0.0 build
> tsc -b

packages/structures/src/list.ts(241,13): error TS2322: Type 'SyncPipelineConstructor<T>' is not assignable to type 'Pipeline<T, "sync"> | ArrayList<U>'.
  Type 'SyncPipelineConstructor<T>' is not assignable to type 'Pipeline<T, "sync">'.
    Type 'SyncPipelineConstructor<T>' is not assignable to type 'BasePipeline<T, "sync">'.
      The types returned by 'take(...)' are incompatible between these types.
        Type 'SyncPipelineConstructor<T>' is not assignable to type 'Pipeline<T, "sync">'.
          Type 'SyncPipelineConstructor<T>' is not assignable to type 'SyncPipeline<T>'.
            Types of property 'sum' are incompatible.
              Type '(this: SyncPipelineConstructor<number>) => number' is not assignable to type '(this: SyncPipeline<number>) => number'.
                The 'this' types of each signature are incompatible.
                  Type 'SyncPipeline<number>' is missing the following properties from type 'SyncPipelineConstructor<number>': #source, #locked, #lock, locked, and 18 more.
packages/structures/src/list.ts(242,42): error TS2345: Argument of type 'SyncPipelineConstructor<T>' is not assignable to parameter of type 'Pipeline<T, "sync">'.
  Type 'SyncPipelineConstructor<T>' is not assignable to type 'BasePipeline<T, "sync">'.
    The types returned by 'take(...)' are incompatible between these types.
      Type 'SyncPipelineConstructor<T>' is not assignable to type 'Pipeline<T, "sync">'.
        Type 'SyncPipelineConstructor<T>' is not assignable to type 'SyncPipeline<T>'.
          Types of property 'sum' are incompatible.
            Type '(this: SyncPipelineConstructor<number>) => number' is not assignable to type '(this: SyncPipeline<number>) => number'.
              The 'this' types of each signature are incompatible.
                Type 'SyncPipeline<number>' is missing the following properties from type 'SyncPipelineConstructor<number>': #source, #locked, #lock, locked, and 18 more.
packages/structures/src/list.ts(903,13): error TS2322: Type 'SyncPipelineConstructor<T>' is not assignable to type 'Pipeline<T, "sync"> | LinkedList<U>'.
  Type 'SyncPipelineConstructor<T>' is not assignable to type 'Pipeline<T, "sync">'.
    Type 'SyncPipelineConstructor<T>' is not assignable to type 'BasePipeline<T, "sync">'.
      The types returned by 'take(...)' are incompatible between these types.
        Type 'SyncPipelineConstructor<T>' is not assignable to type 'Pipeline<T, "sync">'.
          Type 'SyncPipelineConstructor<T>' is not assignable to type 'SyncPipeline<T>'.
            Types of property 'sum' are incompatible.
              Type '(this: SyncPipelineConstructor<number>) => number' is not assignable to type '(this: SyncPipeline<number>) => number'.
                The 'this' types of each signature are incompatible.
                  Type 'SyncPipeline<number>' is missing the following properties from type 'SyncPipelineConstructor<number>': #source, #locked, #lock, locked, and 18 more.
packages/structures/src/list.ts(904,43): error TS2345: Argument of type 'SyncPipelineConstructor<T>' is not assignable to parameter of type 'Pipeline<T, "sync">'.
  Type 'SyncPipelineConstructor<T>' is not assignable to type 'BasePipeline<T, "sync">'.
    The types returned by 'take(...)' are incompatible between these types.
      Type 'SyncPipelineConstructor<T>' is not assignable to type 'Pipeline<T, "sync">'.
        Type 'SyncPipelineConstructor<T>' is not assignable to type 'SyncPipeline<T>'.
          Types of property 'sum' are incompatible.
            Type '(this: SyncPipelineConstructor<number>) => number' is not assignable to type '(this: SyncPipeline<number>) => number'.
              The 'this' types of each signature are incompatible.
                Type 'SyncPipeline<number>' is missing the following properties from type 'SyncPipelineConstructor<number>': #source, #locked, #lock, locked, and 18 more.
packages/structures/src/map.ts(157,13): error TS2322: Type 'SyncPipelineConstructor<[K, V]>' is not assignable to type 'Pipeline<[K, V], "sync"> | HashMap<K, U>'.
  Type 'SyncPipelineConstructor<[K, V]>' is not assignable to type 'Pipeline<[K, V], "sync">'.
    Type 'SyncPipelineConstructor<[K, V]>' is not assignable to type 'BasePipeline<[K, V], "sync">'.
      The types returned by 'take(...)' are incompatible between these types.
        Type 'SyncPipelineConstructor<[K, V]>' is not assignable to type 'Pipeline<[K, V], "sync">'.
          Type 'SyncPipelineConstructor<[K, V]>' is not assignable to type 'SyncPipeline<[K, V]>'.
            The types returned by 'combine(...)' are incompatible between these types.
              Type 'SyncPipelineConstructor<U>' is not assignable to type 'Pipeline<U, "sync">'.
                Type 'SyncPipelineConstructor<U>' is not assignable to type 'BasePipeline<U, "sync">'.
                  The types returned by 'filter(...)' are incompatible between these types.
                    Type 'SyncPipelineConstructor<any>' is not assignable to type 'Pipeline<any, "sync">'.
                      Type 'SyncPipelineConstructor<any>' is not assignable to type 'SyncPipeline<any>'.
                        Types of property 'sum' are incompatible.
                          Type '(this: SyncPipelineConstructor<number>) => number' is not assignable to type '(this: SyncPipeline<number>) => number'.
                            The 'this' types of each signature are incompatible.
                              Type 'SyncPipeline<number>' is missing the following properties from type 'SyncPipelineConstructor<number>': #source, #locked, #lock, locked, and 18 more.
packages/structures/src/map.ts(158,40): error TS2345: Argument of type 'SyncPipelineConstructor<[K, V]>' is not assignable to parameter of type 'Pipeline<[K, V], "sync">'.
  Type 'SyncPipelineConstructor<[K, V]>' is not assignable to type 'BasePipeline<[K, V], "sync">'.
    The types returned by 'take(...)' are incompatible between these types.
      Type 'SyncPipelineConstructor<[K, V]>' is not assignable to type 'Pipeline<[K, V], "sync">'.
        Type 'SyncPipelineConstructor<[K, V]>' is not assignable to type 'SyncPipeline<[K, V]>'.
          The types returned by 'combine(...)' are incompatible between these types.
            Type 'SyncPipelineConstructor<U>' is not assignable to type 'Pipeline<U, "sync">'.
              Type 'SyncPipelineConstructor<U>' is not assignable to type 'BasePipeline<U, "sync">'.
                The types returned by 'filter(...)' are incompatible between these types.
                  Type 'SyncPipelineConstructor<any>' is not assignable to type 'Pipeline<any, "sync">'.
                    Type 'SyncPipelineConstructor<any>' is not assignable to type 'SyncPipeline<any>'.
                      Types of property 'sum' are incompatible.
                        Type '(this: SyncPipelineConstructor<number>) => number' is not assignable to type '(this: SyncPipeline<number>) => number'.
                          The 'this' types of each signature are incompatible.
                            Type 'SyncPipeline<number>' is missing the following properties from type 'SyncPipelineConstructor<number>': #source, #locked, #lock, locked, and 18 more.
packages/structures/src/map.ts(602,13): error TS2322: Type 'SyncPipelineConstructor<[K, V]>' is not assignable to type 'Pipeline<[K, V], "sync"> | TreeMap<K, U>'.
  Type 'SyncPipelineConstructor<[K, V]>' is not assignable to type 'Pipeline<[K, V], "sync">'.
    Type 'SyncPipelineConstructor<[K, V]>' is not assignable to type 'BasePipeline<[K, V], "sync">'.
      The types returned by 'take(...)' are incompatible between these types.
        Type 'SyncPipelineConstructor<[K, V]>' is not assignable to type 'Pipeline<[K, V], "sync">'.
          Type 'SyncPipelineConstructor<[K, V]>' is not assignable to type 'SyncPipeline<[K, V]>'.
            The types returned by 'combine(...)' are incompatible between these types.
              Type 'SyncPipelineConstructor<U>' is not assignable to type 'Pipeline<U, "sync">'.
                Type 'SyncPipelineConstructor<U>' is not assignable to type 'BasePipeline<U, "sync">'.
                  The types returned by 'filter(...)' are incompatible between these types.
                    Type 'SyncPipelineConstructor<any>' is not assignable to type 'Pipeline<any, "sync">'.
                      Type 'SyncPipelineConstructor<any>' is not assignable to type 'SyncPipeline<any>'.
                        Types of property 'sum' are incompatible.
                          Type '(this: SyncPipelineConstructor<number>) => number' is not assignable to type '(this: SyncPipeline<number>) => number'.
                            The 'this' types of each signature are incompatible.
                              Type 'SyncPipeline<number>' is missing the following properties from type 'SyncPipelineConstructor<number>': #source, #locked, #lock, locked, and 18 more.
packages/structures/src/map.ts(603,56): error TS2345: Argument of type 'SyncPipelineConstructor<[K, V]>' is not assignable to parameter of type 'Pipeline<[K, V], "sync">'.
  Type 'SyncPipelineConstructor<[K, V]>' is not assignable to type 'BasePipeline<[K, V], "sync">'.
    The types returned by 'take(...)' are incompatible between these types.
      Type 'SyncPipelineConstructor<[K, V]>' is not assignable to type 'Pipeline<[K, V], "sync">'.
        Type 'SyncPipelineConstructor<[K, V]>' is not assignable to type 'SyncPipeline<[K, V]>'.
          The types returned by 'combine(...)' are incompatible between these types.
            Type 'SyncPipelineConstructor<U>' is not assignable to type 'Pipeline<U, "sync">'.
              Type 'SyncPipelineConstructor<U>' is not assignable to type 'BasePipeline<U, "sync">'.
                The types returned by 'filter(...)' are incompatible between these types.
                  Type 'SyncPipelineConstructor<any>' is not assignable to type 'Pipeline<any, "sync">'.
                    Type 'SyncPipelineConstructor<any>' is not assignable to type 'SyncPipeline<any>'.
                      Types of property 'sum' are incompatible.
                        Type '(this: SyncPipelineConstructor<number>) => number' is not assignable to type '(this: SyncPipeline<number>) => number'.
                          The 'this' types of each signature are incompatible.
                            Type 'SyncPipeline<number>' is missing the following properties from type 'SyncPipelineConstructor<number>': #source, #locked, #lock, locked, and 18 more.
packages/structures/src/pipeline.ts(91,13): error TS2322: Type 'AsyncPipelineConstructor<T>' is not assignable to type 'Pipeline<T, "sync" | "async">'.
  Type 'AsyncPipelineConstructor<T>' is not assignable to type 'BasePipeline<T, "sync" | "async"> & AsyncPipeline<T>'.
    Type 'AsyncPipelineConstructor<T>' is not assignable to type 'BasePipeline<T, "sync" | "async">'.
      The types returned by 'take(...)' are incompatible between these types.
        Type 'AsyncPipelineConstructor<T>' is not assignable to type 'Pipeline<T, "sync" | "async">'.
          Type 'AsyncPipelineConstructor<T>' is not assignable to type 'BasePipeline<T, "sync" | "async"> & AsyncPipeline<T>'.
            Type 'AsyncPipelineConstructor<T>' is not assignable to type 'AsyncPipeline<T>'.
              Types of property 'sum' are incompatible.
                Type '(this: AsyncPipelineConstructor<number>) => Promise<number>' is not assignable to type '(this: AsyncPipeline<number>) => Promise<number>'.
                  The 'this' types of each signature are incompatible.
                    Type 'AsyncPipeline<number>' is missing the following properties from type 'AsyncPipelineConstructor<number>': #source, #locked, #lock, locked, and 18 more.
packages/structures/src/pipeline.ts(92,9): error TS2322: Type 'SyncPipelineConstructor<T>' is not assignable to type 'Pipeline<T, "sync" | "async">'.
  Type 'SyncPipelineConstructor<T>' is not assignable to type 'BasePipeline<T, "sync" | "async"> & SyncPipeline<T>'.
    Type 'SyncPipelineConstructor<T>' is not assignable to type 'BasePipeline<T, "sync" | "async">'.
      The types returned by 'take(...)' are incompatible between these types.
        Type 'SyncPipelineConstructor<T>' is not assignable to type 'Pipeline<T, "sync" | "async">'.
          Type 'SyncPipelineConstructor<T>' is not assignable to type 'BasePipeline<T, "sync" | "async"> & SyncPipeline<T>'.
            Type 'SyncPipelineConstructor<T>' is not assignable to type 'SyncPipeline<T>'.
              The types returned by 'combine(...)' are incompatible between these types.
                Type 'SyncPipelineConstructor<U>' is not assignable to type 'Pipeline<U, "sync">'.
                  Type 'SyncPipelineConstructor<U>' is not assignable to type 'BasePipeline<U, "sync">'.
                    The types returned by 'filter(...)' are incompatible between these types.
                      Type 'SyncPipelineConstructor<any>' is not assignable to type 'Pipeline<any, "sync">'.
                        Type 'SyncPipelineConstructor<any>' is not assignable to type 'SyncPipeline<any>'.
                          Types of property 'sum' are incompatible.
                            Type '(this: SyncPipelineConstructor<number>) => number' is not assignable to type '(this: SyncPipeline<number>) => number'.
                              The 'this' types of each signature are incompatible.
                                Type 'SyncPipeline<number>' is missing the following properties from type 'SyncPipelineConstructor<number>': #source, #locked, #lock, locked, and 18 more.
packages/structures/src/pipeline.ts(115,12): error TS2416: Property 'combine' in type 'SyncPipelineConstructor<T>' is not assignable to the same property in base type 'BasePipeline<T, "sync"> & SyncPipeline<T>'.
  Type '<S extends Tuple<any>, U>(combineFn: (value: T, ...values: S) => U, ...others: Iterable<S[keyof S]>[]) => SyncPipelineConstructor<U>' is not assignable to type '<S extends Tuple<any>, U>(combineFn: (value: T, ...values: S) => U, ...others: Iterable<S[keyof S]>[]) => Pipeline<U, "sync">'.
    Type 'SyncPipelineConstructor<U>' is not assignable to type 'Pipeline<U, "sync">'.
      Type 'SyncPipelineConstructor<U>' is not assignable to type 'BasePipeline<U, "sync">'.
        The types returned by 'take(...)' are incompatible between these types.
          Type 'SyncPipelineConstructor<U>' is not assignable to type 'Pipeline<U, "sync">'.
            Type 'SyncPipelineConstructor<U>' is not assignable to type 'SyncPipeline<U>'.
              Types of property 'sum' are incompatible.
                Type '(this: SyncPipelineConstructor<number>) => number' is not assignable to type '(this: SyncPipeline<number>) => number'.
                  The 'this' types of each signature are incompatible.
                    Type 'SyncPipeline<number>' is missing the following properties from type 'SyncPipelineConstructor<number>': #source, #locked, #lock, locked, and 18 more.
packages/structures/src/pipeline.ts(127,12): error TS2416: Property 'join' in type 'SyncPipelineConstructor<T>' is not assignable to the same property in base type 'BasePipeline<T, "sync"> & SyncPipeline<T>'.
  Type '<S>(...others: Iterable<S>[]) => SyncPipelineConstructor<T | S>' is not assignable to type '<S>(...others: Iterable<S>[]) => Pipeline<T | S, "sync">'.
    Type 'SyncPipelineConstructor<T | S>' is not assignable to type 'Pipeline<T | S, "sync">'.
      Type 'SyncPipelineConstructor<T | S>' is not assignable to type 'BasePipeline<T | S, "sync">'.
        The types returned by 'take(...)' are incompatible between these types.
          Type 'SyncPipelineConstructor<T | S>' is not assignable to type 'Pipeline<T | S, "sync">'.
            Type 'SyncPipelineConstructor<T | S>' is not assignable to type 'SyncPipeline<T | S>'.
              The types returned by 'combine(...)' are incompatible between these types.
                Type 'SyncPipelineConstructor<U>' is not assignable to type 'Pipeline<U, "sync">'.
                  Type 'SyncPipelineConstructor<U>' is not assignable to type 'BasePipeline<U, "sync">'.
                    The types returned by 'filter(...)' are incompatible between these types.
                      Type 'SyncPipelineConstructor<any>' is not assignable to type 'Pipeline<any, "sync">'.
                        Type 'SyncPipelineConstructor<any>' is not assignable to type 'SyncPipeline<any>'.
                          Types of property 'sum' are incompatible.
                            Type '(this: SyncPipelineConstructor<number>) => number' is not assignable to type '(this: SyncPipeline<number>) => number'.
                              The 'this' types of each signature are incompatible.
                                Type 'SyncPipeline<number>' is missing the following properties from type 'SyncPipelineConstructor<number>': #source, #locked, #lock, locked, and 18 more.
packages/structures/src/pipeline.ts(132,12): error TS2416: Property 'take' in type 'SyncPipelineConstructor<T>' is not assignable to the same property in base type 'BasePipeline<T, "sync"> & SyncPipeline<T>'.
  Type '(count: number, offset?: number) => SyncPipelineConstructor<T>' is not assignable to type '(count: number, offset?: number | undefined) => Pipeline<T, "sync">'.
    Type 'SyncPipelineConstructor<T>' is not assignable to type 'Pipeline<T, "sync">'.
      Type 'SyncPipelineConstructor<T>' is not assignable to type 'BasePipeline<T, "sync">'.
        The types returned by 'take(...)' are incompatible between these types.
          Type 'SyncPipelineConstructor<T>' is not assignable to type 'Pipeline<T, "sync">'.
            Type 'SyncPipelineConstructor<T>' is not assignable to type 'SyncPipeline<T>'.
              Types of property 'sum' are incompatible.
                Type '(this: SyncPipelineConstructor<number>) => number' is not assignable to type '(this: SyncPipeline<number>) => number'.
                  The 'this' types of each signature are incompatible.
                    Type 'SyncPipeline<number>' is missing the following properties from type 'SyncPipelineConstructor<number>': #source, #locked, #lock, locked, and 18 more.
packages/structures/src/pipeline.ts(147,12): error TS2416: Property 'offset' in type 'SyncPipelineConstructor<T>' is not assignable to the same property in base type 'BasePipeline<T, "sync"> & SyncPipeline<T>'.
  Type '(offset: number) => SyncPipelineConstructor<T>' is not assignable to type '(offset: number) => Pipeline<T, "sync">'.
    Type 'SyncPipelineConstructor<T>' is not assignable to type 'Pipeline<T, "sync">'.
      Type 'SyncPipelineConstructor<T>' is not assignable to type 'BasePipeline<T, "sync">'.
        The types returned by 'take(...)' are incompatible between these types.
          Type 'SyncPipelineConstructor<T>' is not assignable to type 'Pipeline<T, "sync">'.
            Type 'SyncPipelineConstructor<T>' is not assignable to type 'SyncPipeline<T>'.
              Types of property 'sum' are incompatible.
                Type '(this: SyncPipelineConstructor<number>) => number' is not assignable to type '(this: SyncPipeline<number>) => number'.
                  The 'this' types of each signature are incompatible.
                    Type 'SyncPipeline<number>' is missing the following properties from type 'SyncPipelineConstructor<number>': #source, #locked, #lock, locked, and 18 more.
packages/structures/src/pipeline.ts(161,12): error TS2416: Property 'limit' in type 'SyncPipelineConstructor<T>' is not assignable to the same property in base type 'BasePipeline<T, "sync"> & SyncPipeline<T>'.
  Type '(count: number) => SyncPipelineConstructor<T>' is not assignable to type '(count: number) => Pipeline<T, "sync">'.
    Type 'SyncPipelineConstructor<T>' is not assignable to type 'Pipeline<T, "sync">'.
      Type 'SyncPipelineConstructor<T>' is not assignable to type 'BasePipeline<T, "sync">'.
        The types returned by 'take(...)' are incompatible between these types.
          Type 'SyncPipelineConstructor<T>' is not assignable to type 'Pipeline<T, "sync">'.
            Type 'SyncPipelineConstructor<T>' is not assignable to type 'SyncPipeline<T>'.
              Types of property 'sum' are incompatible.
                Type '(this: SyncPipelineConstructor<number>) => number' is not assignable to type '(this: SyncPipeline<number>) => number'.
                  The 'this' types of each signature are incompatible.
                    Type 'SyncPipeline<number>' is missing the following properties from type 'SyncPipelineConstructor<number>': #source, #locked, #lock, locked, and 18 more.
packages/structures/src/pipeline.ts(177,12): error TS2416: Property 'map' in type 'SyncPipelineConstructor<T>' is not assignable to the same property in base type 'BasePipeline<T, "sync"> & SyncPipeline<T>'.
  Type '<U>(callbackfn: (value: T, index: number) => U) => SyncPipelineConstructor<U>' is not assignable to type '<U>(callbackfn: (value: T, index: number) => U) => Pipeline<U, "sync">'.
    Type 'SyncPipelineConstructor<U>' is not assignable to type 'Pipeline<U, "sync">'.
      Type 'SyncPipelineConstructor<U>' is not assignable to type 'BasePipeline<U, "sync">'.
        The types returned by 'take(...)' are incompatible between these types.
          Type 'SyncPipelineConstructor<U>' is not assignable to type 'Pipeline<U, "sync">'.
            Type 'SyncPipelineConstructor<U>' is not assignable to type 'SyncPipeline<U>'.
              Types of property 'sum' are incompatible.
                Type '(this: SyncPipelineConstructor<number>) => number' is not assignable to type '(this: SyncPipeline<number>) => number'.
                  The 'this' types of each signature are incompatible.
                    Type 'SyncPipeline<number>' is missing the following properties from type 'SyncPipelineConstructor<number>': #source, #locked, #lock, locked, and 18 more.
packages/structures/src/pipeline.ts(188,12): error TS2416: Property 'filter' in type 'SyncPipelineConstructor<T>' is not assignable to the same property in base type 'BasePipeline<T, "sync"> & SyncPipeline<T>'.
  Type '{ <S extends T>(predicate: (value: T, index: number) => boolean | null | undefined): SyncPipelineConstructor<S>; (predicate: (value: T, index: number) => boolean | null | undefined): SyncPipelineConstructor<...>; }' is not assignable to type '{ <S extends T>(predicate: (value: T, index: number) => boolean | null | undefined): Pipeline<S, "sync">; (predicate: (value: T, index: number) => boolean | null | undefined): Pipeline<...>; }'.
    Type 'SyncPipelineConstructor<any>' is not assignable to type 'Pipeline<any, "sync">'.
      Type 'SyncPipelineConstructor<any>' is not assignable to type 'BasePipeline<any, "sync">'.
        The types returned by 'take(...)' are incompatible between these types.
          Type 'SyncPipelineConstructor<any>' is not assignable to type 'Pipeline<any, "sync">'.
            Type 'SyncPipelineConstructor<any>' is not assignable to type 'SyncPipeline<any>'.
              Types of property 'sum' are incompatible.
                Type '(this: SyncPipelineConstructor<number>) => number' is not assignable to type '(this: SyncPipeline<number>) => number'.
                  The 'this' types of each signature are incompatible.
                    Type 'SyncPipeline<number>' is missing the following properties from type 'SyncPipelineConstructor<number>': #source, #locked, #lock, locked, and 18 more.
packages/structures/src/pipeline.ts(189,12): error TS2416: Property 'filter' in type 'SyncPipelineConstructor<T>' is not assignable to the same property in base type 'BasePipeline<T, "sync"> & SyncPipeline<T>'.
  Type '{ <S extends T>(predicate: (value: T, index: number) => boolean | null | undefined): SyncPipelineConstructor<S>; (predicate: (value: T, index: number) => boolean | null | undefined): SyncPipelineConstructor<...>; }' is not assignable to type '{ <S extends T>(predicate: (value: T, index: number) => boolean | null | undefined): Pipeline<S, "sync">; (predicate: (value: T, index: number) => boolean | null | undefined): Pipeline<...>; }'.
    Type 'SyncPipelineConstructor<any>' is not assignable to type 'Pipeline<any, "sync">'.
      Type 'SyncPipelineConstructor<any>' is not assignable to type 'BasePipeline<any, "sync">'.
        The types returned by 'take(...)' are incompatible between these types.
          Type 'SyncPipelineConstructor<any>' is not assignable to type 'Pipeline<any, "sync">'.
            Type 'SyncPipelineConstructor<any>' is not assignable to type 'SyncPipeline<any>'.
              Types of property 'sum' are incompatible.
                Type '(this: SyncPipelineConstructor<number>) => number' is not assignable to type '(this: SyncPipeline<number>) => number'.
                  The 'this' types of each signature are incompatible.
                    Type 'SyncPipeline<number>' is missing the following properties from type 'SyncPipelineConstructor<number>': #source, #locked, #lock, locked, and 18 more.
packages/structures/src/pipeline.ts(190,12): error TS2416: Property 'filter' in type 'SyncPipelineConstructor<T>' is not assignable to the same property in base type 'BasePipeline<T, "sync"> & SyncPipeline<T>'.
  Type '{ <S extends T>(predicate: (value: T, index: number) => boolean | null | undefined): SyncPipelineConstructor<S>; (predicate: (value: T, index: number) => boolean | null | undefined): SyncPipelineConstructor<...>; }' is not assignable to type '{ <S extends T>(predicate: (value: T, index: number) => boolean | null | undefined): Pipeline<S, "sync">; (predicate: (value: T, index: number) => boolean | null | undefined): Pipeline<...>; }'.
    Type 'SyncPipelineConstructor<any>' is not assignable to type 'Pipeline<any, "sync">'.
      Type 'SyncPipelineConstructor<any>' is not assignable to type 'BasePipeline<any, "sync">'.
        The types returned by 'take(...)' are incompatible between these types.
          Type 'SyncPipelineConstructor<any>' is not assignable to type 'Pipeline<any, "sync">'.
            Type 'SyncPipelineConstructor<any>' is not assignable to type 'SyncPipeline<any>'.
              Types of property 'sum' are incompatible.
                Type '(this: SyncPipelineConstructor<number>) => number' is not assignable to type '(this: SyncPipeline<number>) => number'.
                  The 'this' types of each signature are incompatible.
                    Type 'SyncPipeline<number>' is missing the following properties from type 'SyncPipelineConstructor<number>': #source, #locked, #lock, locked, and 18 more.
packages/structures/src/pipeline.ts(204,12): error TS2416: Property 'flat' in type 'SyncPipelineConstructor<T>' is not assignable to the same property in base type 'BasePipeline<T, "sync"> & SyncPipeline<T>'.
  Type '<D extends number = 1>(depth?: D) => SyncPipelineConstructor<FlattenStep<T, D>>' is not assignable to type '<D extends number = 1>(depth?: D | undefined) => Pipeline<FlattenStep<T, D>, "sync">'.
    Type 'SyncPipelineConstructor<FlattenStep<T, D>>' is not assignable to type 'Pipeline<FlattenStep<T, D>, "sync">'.
      Type 'SyncPipelineConstructor<FlattenStep<T, D>>' is not assignable to type 'BasePipeline<FlattenStep<T, D>, "sync">'.
        The types returned by 'take(...)' are incompatible between these types.
          Type 'SyncPipelineConstructor<FlattenStep<T, D>>' is not assignable to type 'Pipeline<FlattenStep<T, D>, "sync">'.
            Type 'SyncPipelineConstructor<FlattenStep<T, D>>' is not assignable to type 'SyncPipeline<FlattenStep<T, D>>'.
              The types returned by 'combine(...)' are incompatible between these types.
                Type 'SyncPipelineConstructor<U>' is not assignable to type 'Pipeline<U, "sync">'.
                  Type 'SyncPipelineConstructor<U>' is not assignable to type 'BasePipeline<U, "sync">'.
                    The types returned by 'filter(...)' are incompatible between these types.
                      Type 'SyncPipelineConstructor<any>' is not assignable to type 'Pipeline<any, "sync">'.
                        Type 'SyncPipelineConstructor<any>' is not assignable to type 'SyncPipeline<any>'.
                          Types of property 'sum' are incompatible.
                            Type '(this: SyncPipelineConstructor<number>) => number' is not assignable to type '(this: SyncPipeline<number>) => number'.
                              The 'this' types of each signature are incompatible.
                                Type 'SyncPipeline<number>' is missing the following properties from type 'SyncPipelineConstructor<number>': #source, #locked, #lock, locked, and 18 more.
packages/structures/src/pipeline.ts(218,12): error TS2416: Property 'flatMap' in type 'SyncPipelineConstructor<T>' is not assignable to the same property in base type 'BasePipeline<T, "sync"> & SyncPipeline<T>'.
  Type '<U>(callbackfn: (value: T, index: number) => U | Iterable<U>) => SyncPipelineConstructor<U>' is not assignable to type '<U>(callbackfn: (value: T, index: number) => U | Iterable<U>) => Pipeline<U, "sync">'.
    Type 'SyncPipelineConstructor<U>' is not assignable to type 'Pipeline<U, "sync">'.
      Type 'SyncPipelineConstructor<U>' is not assignable to type 'BasePipeline<U, "sync">'.
        The types returned by 'take(...)' are incompatible between these types.
          Type 'SyncPipelineConstructor<U>' is not assignable to type 'Pipeline<U, "sync">'.
            Type 'SyncPipelineConstructor<U>' is not assignable to type 'SyncPipeline<U>'.
              Types of property 'sum' are incompatible.
                Type '(this: SyncPipelineConstructor<number>) => number' is not assignable to type '(this: SyncPipeline<number>) => number'.
                  The 'this' types of each signature are incompatible.
                    Type 'SyncPipeline<number>' is missing the following properties from type 'SyncPipelineConstructor<number>': #source, #locked, #lock, locked, and 18 more.
packages/structures/src/pipeline.ts(234,12): error TS2416: Property 'peek' in type 'SyncPipelineConstructor<T>' is not assignable to the same property in base type 'BasePipeline<T, "sync"> & SyncPipeline<T>'.
  Type '(callbackfn: (value: T, index: number) => void, returnFn?: (() => void) | undefined) => SyncPipelineConstructor<T>' is not assignable to type '(callbackfn: (value: T, index: number) => void, returnFn?: (() => void) | undefined) => Pipeline<T, "sync">'.
    Type 'SyncPipelineConstructor<T>' is not assignable to type 'Pipeline<T, "sync">'.
      Type 'SyncPipelineConstructor<T>' is not assignable to type 'BasePipeline<T, "sync">'.
        The types returned by 'take(...)' are incompatible between these types.
          Type 'SyncPipelineConstructor<T>' is not assignable to type 'Pipeline<T, "sync">'.
            Type 'SyncPipelineConstructor<T>' is not assignable to type 'SyncPipeline<T>'.
              Types of property 'sum' are incompatible.
                Type '(this: SyncPipelineConstructor<number>) => number' is not assignable to type '(this: SyncPipeline<number>) => number'.
                  The 'this' types of each signature are incompatible.
                    Type 'SyncPipeline<number>' is missing the following properties from type 'SyncPipelineConstructor<number>': #source, #locked, #lock, locked, and 18 more.
packages/structures/src/pipeline.ts(246,12): error TS2416: Property 'takeWhile' in type 'SyncPipelineConstructor<T>' is not assignable to the same property in base type 'BasePipeline<T, "sync"> & SyncPipeline<T>'.
  Type '(predicate: (value: T, index: number) => boolean) => SyncPipelineConstructor<T>' is not assignable to type '(predicate: (value: T, index: number) => boolean) => Pipeline<T, "sync">'.
    Type 'SyncPipelineConstructor<T>' is not assignable to type 'Pipeline<T, "sync">'.
      Type 'SyncPipelineConstructor<T>' is not assignable to type 'BasePipeline<T, "sync">'.
        The types returned by 'take(...)' are incompatible between these types.
          Type 'SyncPipelineConstructor<T>' is not assignable to type 'Pipeline<T, "sync">'.
            Type 'SyncPipelineConstructor<T>' is not assignable to type 'SyncPipeline<T>'.
              Types of property 'sum' are incompatible.
                Type '(this: SyncPipelineConstructor<number>) => number' is not assignable to type '(this: SyncPipeline<number>) => number'.
                  The 'this' types of each signature are incompatible.
                    Type 'SyncPipeline<number>' is missing the following properties from type 'SyncPipelineConstructor<number>': #source, #locked, #lock, locked, and 18 more.
packages/structures/src/pipeline.ts(257,12): error TS2416: Property 'dropWhile' in type 'SyncPipelineConstructor<T>' is not assignable to the same property in base type 'BasePipeline<T, "sync"> & SyncPipeline<T>'.
  Type '(predicate: (value: T, index: number) => boolean) => SyncPipelineConstructor<T>' is not assignable to type '(predicate: (value: T, index: number) => boolean) => Pipeline<T, "sync">'.
    Type 'SyncPipelineConstructor<T>' is not assignable to type 'Pipeline<T, "sync">'.
      Type 'SyncPipelineConstructor<T>' is not assignable to type 'BasePipeline<T, "sync">'.
        The types returned by 'take(...)' are incompatible between these types.
          Type 'SyncPipelineConstructor<T>' is not assignable to type 'Pipeline<T, "sync">'.
            Type 'SyncPipelineConstructor<T>' is not assignable to type 'SyncPipeline<T>'.
              Types of property 'sum' are incompatible.
                Type '(this: SyncPipelineConstructor<number>) => number' is not assignable to type '(this: SyncPipeline<number>) => number'.
                  The 'this' types of each signature are incompatible.
                    Type 'SyncPipeline<number>' is missing the following properties from type 'SyncPipelineConstructor<number>': #source, #locked, #lock, locked, and 18 more.
packages/structures/src/pipeline.ts(329,12): error TS2416: Property 'sort' in type 'SyncPipelineConstructor<T>' is not assignable to the same property in base type 'BasePipeline<T, "sync"> & SyncPipeline<T>'.
  Type '(compareFn?: ((a: T, b: T) => number) | undefined) => SyncPipelineConstructor<T>' is not assignable to type '(compareFn?: ((a: T, b: T) => number) | undefined) => Pipeline<T, "sync">'.
    Type 'SyncPipelineConstructor<T>' is not assignable to type 'Pipeline<T, "sync">'.
      Type 'SyncPipelineConstructor<T>' is not assignable to type 'BasePipeline<T, "sync">'.
        The types returned by 'take(...)' are incompatible between these types.
          Type 'SyncPipelineConstructor<T>' is not assignable to type 'Pipeline<T, "sync">'.
            Type 'SyncPipelineConstructor<T>' is not assignable to type 'SyncPipeline<T>'.
              Types of property 'sum' are incompatible.
                Type '(this: SyncPipelineConstructor<number>) => number' is not assignable to type '(this: SyncPipeline<number>) => number'.
                  The 'this' types of each signature are incompatible.
                    Type 'SyncPipeline<number>' is missing the following properties from type 'SyncPipelineConstructor<number>': #source, #locked, #lock, locked, and 18 more.
packages/structures/src/pipeline.ts(335,12): error TS2416: Property 'reverse' in type 'SyncPipelineConstructor<T>' is not assignable to the same property in base type 'BasePipeline<T, "sync"> & SyncPipeline<T>'.
  Type '() => SyncPipelineConstructor<T>' is not assignable to type '() => Pipeline<T, "sync">'.
    Type 'SyncPipelineConstructor<T>' is not assignable to type 'Pipeline<T, "sync">'.
      Type 'SyncPipelineConstructor<T>' is not assignable to type 'BasePipeline<T, "sync">'.
        The types returned by 'take(...)' are incompatible between these types.
          Type 'SyncPipelineConstructor<T>' is not assignable to type 'Pipeline<T, "sync">'.
            Type 'SyncPipelineConstructor<T>' is not assignable to type 'SyncPipeline<T>'.
              Types of property 'sum' are incompatible.
                Type '(this: SyncPipelineConstructor<number>) => number' is not assignable to type '(this: SyncPipeline<number>) => number'.
                  The 'this' types of each signature are incompatible.
                    Type 'SyncPipeline<number>' is missing the following properties from type 'SyncPipelineConstructor<number>': #source, #locked, #lock, locked, and 18 more.
packages/structures/src/pipeline.ts(341,12): error TS2416: Property 'distinct' in type 'SyncPipelineConstructor<T>' is not assignable to the same property in base type 'BasePipeline<T, "sync"> & SyncPipeline<T>'.
  Type '() => SyncPipelineConstructor<T>' is not assignable to type '() => Pipeline<T, "sync">'.
    Type 'SyncPipelineConstructor<T>' is not assignable to type 'Pipeline<T, "sync">'.
      Type 'SyncPipelineConstructor<T>' is not assignable to type 'BasePipeline<T, "sync">'.
        The types returned by 'take(...)' are incompatible between these types.
          Type 'SyncPipelineConstructor<T>' is not assignable to type 'Pipeline<T, "sync">'.
            Type 'SyncPipelineConstructor<T>' is not assignable to type 'SyncPipeline<T>'.
              Types of property 'sum' are incompatible.
                Type '(this: SyncPipelineConstructor<number>) => number' is not assignable to type '(this: SyncPipeline<number>) => number'.
                  The 'this' types of each signature are incompatible.
                    Type 'SyncPipeline<number>' is missing the following properties from type 'SyncPipelineConstructor<number>': #source, #locked, #lock, locked, and 18 more.
packages/structures/src/pipeline.ts(347,12): error TS2416: Property 'buffer' in type 'SyncPipelineConstructor<T>' is not assignable to the same property in base type 'BasePipeline<T, "sync"> & SyncPipeline<T>'.
  Type '(size: number) => SyncPipelineConstructor<T[]>' is not assignable to type '(size: number) => Pipeline<T[], "sync">'.
    Type 'SyncPipelineConstructor<T[]>' is not assignable to type 'Pipeline<T[], "sync">'.
      Type 'SyncPipelineConstructor<T[]>' is not assignable to type 'BasePipeline<T[], "sync">'.
        The types returned by 'take(...)' are incompatible between these types.
          Type 'SyncPipelineConstructor<T[]>' is not assignable to type 'Pipeline<T[], "sync">'.
            Type 'SyncPipelineConstructor<T[]>' is not assignable to type 'SyncPipeline<T[]>'.
              The types returned by 'combine(...)' are incompatible between these types.
                Type 'SyncPipelineConstructor<U>' is not assignable to type 'Pipeline<U, "sync">'.
                  Type 'SyncPipelineConstructor<U>' is not assignable to type 'BasePipeline<U, "sync">'.
                    The types returned by 'filter(...)' are incompatible between these types.
                      Type 'SyncPipelineConstructor<any>' is not assignable to type 'Pipeline<any, "sync">'.
                        Type 'SyncPipelineConstructor<any>' is not assignable to type 'SyncPipeline<any>'.
                          Types of property 'sum' are incompatible.
                            Type '(this: SyncPipelineConstructor<number>) => number' is not assignable to type '(this: SyncPipeline<number>) => number'.
                              The 'this' types of each signature are incompatible.
                                Type 'SyncPipeline<number>' is missing the following properties from type 'SyncPipelineConstructor<number>': #source, #locked, #lock, locked, and 18 more.
packages/structures/src/pipeline.ts(364,12): error TS2416: Property 'groupby' in type 'SyncPipelineConstructor<T>' is not assignable to the same property in base type 'BasePipeline<T, "sync"> & SyncPipeline<T>'.
  Type '<K>(fn: (value: T, index: number) => K) => GroupByAccessor<K, SyncPipelineConstructor<T>>' is not assignable to type '<K>(fn: (value: T, index: number) => K) => GroupByAccessor<K, Pipeline<T, "sync">>'.
    Call signature return types 'GroupByAccessor<K, SyncPipelineConstructor<T>>' and 'GroupByAccessor<K, Pipeline<T, "sync">>' are incompatible.
      The types returned by 'get(...)' are incompatible between these types.
        Type 'SyncPipelineConstructor<T> | undefined' is not assignable to type 'Pipeline<T, "sync"> | undefined'.
          Type 'SyncPipelineConstructor<T>' is not assignable to type 'Pipeline<T, "sync">'.
            Type 'SyncPipelineConstructor<T>' is not assignable to type 'BasePipeline<T, "sync">'.
              The types returned by 'take(...)' are incompatible between these types.
                Type 'SyncPipelineConstructor<T>' is not assignable to type 'Pipeline<T, "sync">'.
                  Type 'SyncPipelineConstructor<T>' is not assignable to type 'SyncPipeline<T>'.
                    Types of property 'sum' are incompatible.
                      Type '(this: SyncPipelineConstructor<number>) => number' is not assignable to type '(this: SyncPipeline<number>) => number'.
                        The 'this' types of each signature are incompatible.
                          Type 'SyncPipeline<number>' is missing the following properties from type 'SyncPipelineConstructor<number>': #source, #locked, #lock, locked, and 18 more.
packages/structures/src/pipeline.ts(413,12): error TS2416: Property 'sum' in type 'SyncPipelineConstructor<T>' is not assignable to the same property in base type 'BasePipeline<T, "sync"> & SyncPipeline<T>'.
  Type '(this: SyncPipelineConstructor<number>) => number' is not assignable to type '(this: SyncPipeline<number>) => number'.
    The 'this' types of each signature are incompatible.
      Type 'SyncPipeline<number>' is missing the following properties from type 'SyncPipelineConstructor<number>': #source, #locked, #lock, locked, and 18 more.
packages/structures/src/pipeline.ts(487,12): error TS2416: Property 'combine' in type 'AsyncPipelineConstructor<T>' is not assignable to the same property in base type 'BasePipeline<T, "async"> & AsyncPipeline<T>'.
  Type '<S extends Tuple<any>, U>(combineFn: (value: T, ...values: S) => U, ...others: AsyncIterable<S[keyof S]>[]) => AsyncPipelineConstructor<U>' is not assignable to type '<S extends Tuple<any>, U>(combineFn: (value: T, ...values: S) => U, ...others: AsyncIterable<S[keyof S]>[]) => Pipeline<U, "async">'.
    Type 'AsyncPipelineConstructor<U>' is not assignable to type 'Pipeline<U, "async">'.
      Type 'AsyncPipelineConstructor<U>' is not assignable to type 'BasePipeline<U, "async">'.
        The types returned by 'take(...)' are incompatible between these types.
          Type 'AsyncPipelineConstructor<U>' is not assignable to type 'Pipeline<U, "async">'.
            Type 'AsyncPipelineConstructor<U>' is not assignable to type 'AsyncPipeline<U>'.
              Types of property 'sum' are incompatible.
                Type '(this: AsyncPipelineConstructor<number>) => Promise<number>' is not assignable to type '(this: AsyncPipeline<number>) => Promise<number>'.
                  The 'this' types of each signature are incompatible.
                    Type 'AsyncPipeline<number>' is missing the following properties from type 'AsyncPipelineConstructor<number>': #source, #locked, #lock, locked, and 18 more.
packages/structures/src/pipeline.ts(500,12): error TS2416: Property 'join' in type 'AsyncPipelineConstructor<T>' is not assignable to the same property in base type 'BasePipeline<T, "async"> & AsyncPipeline<T>'.
  Type '<S>(...others: AsyncIterable<S>[]) => AsyncPipelineConstructor<T | S>' is not assignable to type '<S>(...others: AsyncIterable<S>[]) => Pipeline<T | S, "async">'.
    Type 'AsyncPipelineConstructor<S | T>' is not assignable to type 'Pipeline<S | T, "async">'.
      Type 'AsyncPipelineConstructor<S | T>' is not assignable to type 'BasePipeline<S | T, "async">'.
        The types returned by 'take(...)' are incompatible between these types.
          Type 'AsyncPipelineConstructor<S | T>' is not assignable to type 'Pipeline<S | T, "async">'.
            Type 'AsyncPipelineConstructor<S | T>' is not assignable to type 'AsyncPipeline<S | T>'.
              The types returned by 'combine(...)' are incompatible between these types.
                Type 'AsyncPipelineConstructor<U>' is not assignable to type 'Pipeline<U, "async">'.
                  Type 'AsyncPipelineConstructor<U>' is not assignable to type 'BasePipeline<U, "async">'.
                    The types returned by 'filter(...)' are incompatible between these types.
                      Type 'AsyncPipelineConstructor<any>' is not assignable to type 'Pipeline<U, "async">'.
                        Type 'AsyncPipelineConstructor<any>' is not assignable to type 'AsyncPipeline<U>'.
                          Types of property 'sum' are incompatible.
                            Type '(this: AsyncPipelineConstructor<number>) => Promise<number>' is not assignable to type '(this: AsyncPipeline<number>) => Promise<number>'.
                              The 'this' types of each signature are incompatible.
                                Type 'AsyncPipeline<number>' is missing the following properties from type 'AsyncPipelineConstructor<number>': #source, #locked, #lock, locked, and 18 more.
packages/structures/src/pipeline.ts(505,12): error TS2416: Property 'take' in type 'AsyncPipelineConstructor<T>' is not assignable to the same property in base type 'BasePipeline<T, "async"> & AsyncPipeline<T>'.
  Type '(count: number, offset?: number) => AsyncPipelineConstructor<T>' is not assignable to type '(count: number, offset?: number | undefined) => Pipeline<T, "async">'.
    Type 'AsyncPipelineConstructor<T>' is not assignable to type 'Pipeline<T, "async">'.
      Type 'AsyncPipelineConstructor<T>' is not assignable to type 'BasePipeline<T, "async">'.
        The types returned by 'take(...)' are incompatible between these types.
          Type 'AsyncPipelineConstructor<T>' is not assignable to type 'Pipeline<T, "async">'.
            Type 'AsyncPipelineConstructor<T>' is not assignable to type 'AsyncPipeline<T>'.
              Types of property 'sum' are incompatible.
                Type '(this: AsyncPipelineConstructor<number>) => Promise<number>' is not assignable to type '(this: AsyncPipeline<number>) => Promise<number>'.
                  The 'this' types of each signature are incompatible.
                    Type 'AsyncPipeline<number>' is missing the following properties from type 'AsyncPipelineConstructor<number>': #source, #locked, #lock, locked, and 18 more.
packages/structures/src/pipeline.ts(521,12): error TS2416: Property 'offset' in type 'AsyncPipelineConstructor<T>' is not assignable to the same property in base type 'BasePipeline<T, "async"> & AsyncPipeline<T>'.
  Type '(offset: number) => AsyncPipelineConstructor<T>' is not assignable to type '(offset: number) => Pipeline<T, "async">'.
    Type 'AsyncPipelineConstructor<T>' is not assignable to type 'Pipeline<T, "async">'.
      Type 'AsyncPipelineConstructor<T>' is not assignable to type 'BasePipeline<T, "async">'.
        The types returned by 'take(...)' are incompatible between these types.
          Type 'AsyncPipelineConstructor<T>' is not assignable to type 'Pipeline<T, "async">'.
            Type 'AsyncPipelineConstructor<T>' is not assignable to type 'AsyncPipeline<T>'.
              Types of property 'sum' are incompatible.
                Type '(this: AsyncPipelineConstructor<number>) => Promise<number>' is not assignable to type '(this: AsyncPipeline<number>) => Promise<number>'.
                  The 'this' types of each signature are incompatible.
                    Type 'AsyncPipeline<number>' is missing the following properties from type 'AsyncPipelineConstructor<number>': #source, #locked, #lock, locked, and 18 more.
packages/structures/src/pipeline.ts(536,12): error TS2416: Property 'limit' in type 'AsyncPipelineConstructor<T>' is not assignable to the same property in base type 'BasePipeline<T, "async"> & AsyncPipeline<T>'.
  Type '(count: number) => AsyncPipelineConstructor<T>' is not assignable to type '(count: number) => Pipeline<T, "async">'.
    Type 'AsyncPipelineConstructor<T>' is not assignable to type 'Pipeline<T, "async">'.
      Type 'AsyncPipelineConstructor<T>' is not assignable to type 'BasePipeline<T, "async">'.
        The types returned by 'take(...)' are incompatible between these types.
          Type 'AsyncPipelineConstructor<T>' is not assignable to type 'Pipeline<T, "async">'.
            Type 'AsyncPipelineConstructor<T>' is not assignable to type 'AsyncPipeline<T>'.
              Types of property 'sum' are incompatible.
                Type '(this: AsyncPipelineConstructor<number>) => Promise<number>' is not assignable to type '(this: AsyncPipeline<number>) => Promise<number>'.
                  The 'this' types of each signature are incompatible.
                    Type 'AsyncPipeline<number>' is missing the following properties from type 'AsyncPipelineConstructor<number>': #source, #locked, #lock, locked, and 18 more.
packages/structures/src/pipeline.ts(553,12): error TS2416: Property 'map' in type 'AsyncPipelineConstructor<T>' is not assignable to the same property in base type 'BasePipeline<T, "async"> & AsyncPipeline<T>'.
  Type '<U>(callbackfn: (value: T, index: number) => U) => AsyncPipelineConstructor<U>' is not assignable to type '<U>(callbackfn: (value: T, index: number) => U) => Pipeline<U, "async">'.
    Type 'AsyncPipelineConstructor<U>' is not assignable to type 'Pipeline<U, "async">'.
      Type 'AsyncPipelineConstructor<U>' is not assignable to type 'BasePipeline<U, "async">'.
        The types returned by 'take(...)' are incompatible between these types.
          Type 'AsyncPipelineConstructor<U>' is not assignable to type 'Pipeline<U, "async">'.
            Type 'AsyncPipelineConstructor<U>' is not assignable to type 'AsyncPipeline<U>'.
              Types of property 'sum' are incompatible.
                Type '(this: AsyncPipelineConstructor<number>) => Promise<number>' is not assignable to type '(this: AsyncPipeline<number>) => Promise<number>'.
                  The 'this' types of each signature are incompatible.
                    Type 'AsyncPipeline<number>' is missing the following properties from type 'AsyncPipelineConstructor<number>': #source, #locked, #lock, locked, and 18 more.
packages/structures/src/pipeline.ts(565,12): error TS2416: Property 'filter' in type 'AsyncPipelineConstructor<T>' is not assignable to the same property in base type 'BasePipeline<T, "async"> & AsyncPipeline<T>'.
  Type '{ <S extends T>(predicate: (value: T, index: number) => boolean | null | undefined): AsyncPipelineConstructor<S>; (predicate: (value: T, index: number) => boolean | null | undefined): AsyncPipelineConstructor<...>; }' is not assignable to type '{ <S extends T>(predicate: (value: T, index: number) => boolean | null | undefined): Pipeline<S, "async">; (predicate: (value: T, index: number) => boolean | null | undefined): Pipeline<...>; }'.
    Type 'AsyncPipelineConstructor<any>' is not assignable to type 'Pipeline<any, "async">'.
      Type 'AsyncPipelineConstructor<any>' is not assignable to type 'BasePipeline<any, "async">'.
        The types returned by 'take(...)' are incompatible between these types.
          Type 'AsyncPipelineConstructor<any>' is not assignable to type 'Pipeline<any, "async">'.
            Type 'AsyncPipelineConstructor<any>' is not assignable to type 'AsyncPipeline<any>'.
              Types of property 'sum' are incompatible.
                Type '(this: AsyncPipelineConstructor<number>) => Promise<number>' is not assignable to type '(this: AsyncPipeline<number>) => Promise<number>'.
                  The 'this' types of each signature are incompatible.
                    Type 'AsyncPipeline<number>' is missing the following properties from type 'AsyncPipelineConstructor<number>': #source, #locked, #lock, locked, and 18 more.
packages/structures/src/pipeline.ts(566,12): error TS2416: Property 'filter' in type 'AsyncPipelineConstructor<T>' is not assignable to the same property in base type 'BasePipeline<T, "async"> & AsyncPipeline<T>'.
  Type '{ <S extends T>(predicate: (value: T, index: number) => boolean | null | undefined): AsyncPipelineConstructor<S>; (predicate: (value: T, index: number) => boolean | null | undefined): AsyncPipelineConstructor<...>; }' is not assignable to type '{ <S extends T>(predicate: (value: T, index: number) => boolean | null | undefined): Pipeline<S, "async">; (predicate: (value: T, index: number) => boolean | null | undefined): Pipeline<...>; }'.
    Type 'AsyncPipelineConstructor<any>' is not assignable to type 'Pipeline<any, "async">'.
      Type 'AsyncPipelineConstructor<any>' is not assignable to type 'BasePipeline<any, "async">'.
        The types returned by 'take(...)' are incompatible between these types.
          Type 'AsyncPipelineConstructor<any>' is not assignable to type 'Pipeline<any, "async">'.
            Type 'AsyncPipelineConstructor<any>' is not assignable to type 'AsyncPipeline<any>'.
              Types of property 'sum' are incompatible.
                Type '(this: AsyncPipelineConstructor<number>) => Promise<number>' is not assignable to type '(this: AsyncPipeline<number>) => Promise<number>'.
                  The 'this' types of each signature are incompatible.
                    Type 'AsyncPipeline<number>' is missing the following properties from type 'AsyncPipelineConstructor<number>': #source, #locked, #lock, locked, and 18 more.
packages/structures/src/pipeline.ts(567,12): error TS2416: Property 'filter' in type 'AsyncPipelineConstructor<T>' is not assignable to the same property in base type 'BasePipeline<T, "async"> & AsyncPipeline<T>'.
  Type '{ <S extends T>(predicate: (value: T, index: number) => boolean | null | undefined): AsyncPipelineConstructor<S>; (predicate: (value: T, index: number) => boolean | null | undefined): AsyncPipelineConstructor<...>; }' is not assignable to type '{ <S extends T>(predicate: (value: T, index: number) => boolean | null | undefined): Pipeline<S, "async">; (predicate: (value: T, index: number) => boolean | null | undefined): Pipeline<...>; }'.
    Type 'AsyncPipelineConstructor<any>' is not assignable to type 'Pipeline<any, "async">'.
      Type 'AsyncPipelineConstructor<any>' is not assignable to type 'BasePipeline<any, "async">'.
        The types returned by 'take(...)' are incompatible between these types.
          Type 'AsyncPipelineConstructor<any>' is not assignable to type 'Pipeline<any, "async">'.
            Type 'AsyncPipelineConstructor<any>' is not assignable to type 'AsyncPipeline<any>'.
              Types of property 'sum' are incompatible.
                Type '(this: AsyncPipelineConstructor<number>) => Promise<number>' is not assignable to type '(this: AsyncPipeline<number>) => Promise<number>'.
                  The 'this' types of each signature are incompatible.
                    Type 'AsyncPipeline<number>' is missing the following properties from type 'AsyncPipelineConstructor<number>': #source, #locked, #lock, locked, and 18 more.
packages/structures/src/pipeline.ts(582,12): error TS2416: Property 'flat' in type 'AsyncPipelineConstructor<T>' is not assignable to the same property in base type 'BasePipeline<T, "async"> & AsyncPipeline<T>'.
  Type '<D extends number = 1>(depth?: D) => AsyncPipelineConstructor<FlattenStep<T, D>>' is not assignable to type '<D extends number = 1>(depth?: D | undefined) => Pipeline<FlattenStep<T, D>, "async">'.
    Type 'AsyncPipelineConstructor<FlattenStep<T, D>>' is not assignable to type 'Pipeline<FlattenStep<T, D>, "async">'.
      Type 'AsyncPipelineConstructor<FlattenStep<T, D>>' is not assignable to type 'BasePipeline<FlattenStep<T, D>, "async">'.
        The types returned by 'take(...)' are incompatible between these types.
          Type 'AsyncPipelineConstructor<FlattenStep<T, D>>' is not assignable to type 'Pipeline<FlattenStep<T, D>, "async">'.
            Type 'AsyncPipelineConstructor<FlattenStep<T, D>>' is not assignable to type 'AsyncPipeline<FlattenStep<T, D>>'.
              The types returned by 'combine(...)' are incompatible between these types.
                Type 'AsyncPipelineConstructor<U>' is not assignable to type 'Pipeline<U, "async">'.
                  Type 'AsyncPipelineConstructor<U>' is not assignable to type 'BasePipeline<U, "async">'.
                    The types returned by 'filter(...)' are incompatible between these types.
                      Type 'AsyncPipelineConstructor<any>' is not assignable to type 'Pipeline<U, "async">'.
                        Type 'AsyncPipelineConstructor<any>' is not assignable to type 'AsyncPipeline<U>'.
                          Types of property 'sum' are incompatible.
                            Type '(this: AsyncPipelineConstructor<number>) => Promise<number>' is not assignable to type '(this: AsyncPipeline<number>) => Promise<number>'.
                              The 'this' types of each signature are incompatible.
                                Type 'AsyncPipeline<number>' is missing the following properties from type 'AsyncPipelineConstructor<number>': #source, #locked, #lock, locked, and 18 more.
packages/structures/src/pipeline.ts(597,12): error TS2416: Property 'flatMap' in type 'AsyncPipelineConstructor<T>' is not assignable to the same property in base type 'BasePipeline<T, "async"> & AsyncPipeline<T>'.
  Type '<U>(callbackfn: (value: T, index: number) => U | Iterable<U>) => AsyncPipelineConstructor<U>' is not assignable to type '<U>(callbackfn: (value: T, index: number) => U | Iterable<U>) => Pipeline<U, "async">'.
    Type 'AsyncPipelineConstructor<U>' is not assignable to type 'Pipeline<U, "async">'.
      Type 'AsyncPipelineConstructor<U>' is not assignable to type 'BasePipeline<U, "async">'.
        The types returned by 'take(...)' are incompatible between these types.
          Type 'AsyncPipelineConstructor<U>' is not assignable to type 'Pipeline<U, "async">'.
            Type 'AsyncPipelineConstructor<U>' is not assignable to type 'AsyncPipeline<U>'.
              Types of property 'sum' are incompatible.
                Type '(this: AsyncPipelineConstructor<number>) => Promise<number>' is not assignable to type '(this: AsyncPipeline<number>) => Promise<number>'.
                  The 'this' types of each signature are incompatible.
                    Type 'AsyncPipeline<number>' is missing the following properties from type 'AsyncPipelineConstructor<number>': #source, #locked, #lock, locked, and 18 more.
packages/structures/src/pipeline.ts(615,12): error TS2416: Property 'peek' in type 'AsyncPipelineConstructor<T>' is not assignable to the same property in base type 'BasePipeline<T, "async"> & AsyncPipeline<T>'.
  Type '(callbackfn: (value: T, index: number) => void, returnFn?: (() => void) | undefined) => AsyncPipelineConstructor<T>' is not assignable to type '(callbackfn: (value: T, index: number) => void, returnFn?: (() => void) | undefined) => Pipeline<T, "async">'.
    Type 'AsyncPipelineConstructor<T>' is not assignable to type 'Pipeline<T, "async">'.
      Type 'AsyncPipelineConstructor<T>' is not assignable to type 'BasePipeline<T, "async">'.
        The types returned by 'take(...)' are incompatible between these types.
          Type 'AsyncPipelineConstructor<T>' is not assignable to type 'Pipeline<T, "async">'.
            Type 'AsyncPipelineConstructor<T>' is not assignable to type 'AsyncPipeline<T>'.
              Types of property 'sum' are incompatible.
                Type '(this: AsyncPipelineConstructor<number>) => Promise<number>' is not assignable to type '(this: AsyncPipeline<number>) => Promise<number>'.
                  The 'this' types of each signature are incompatible.
                    Type 'AsyncPipeline<number>' is missing the following properties from type 'AsyncPipelineConstructor<number>': #source, #locked, #lock, locked, and 18 more.
packages/structures/src/pipeline.ts(630,12): error TS2416: Property 'takeWhile' in type 'AsyncPipelineConstructor<T>' is not assignable to the same property in base type 'BasePipeline<T, "async"> & AsyncPipeline<T>'.
  Type '(predicate: (value: T, index: number) => boolean) => AsyncPipelineConstructor<T>' is not assignable to type '(predicate: (value: T, index: number) => boolean) => Pipeline<T, "async">'.
    Type 'AsyncPipelineConstructor<T>' is not assignable to type 'Pipeline<T, "async">'.
      Type 'AsyncPipelineConstructor<T>' is not assignable to type 'BasePipeline<T, "async">'.
        The types returned by 'take(...)' are incompatible between these types.
          Type 'AsyncPipelineConstructor<T>' is not assignable to type 'Pipeline<T, "async">'.
            Type 'AsyncPipelineConstructor<T>' is not assignable to type 'AsyncPipeline<T>'.
              Types of property 'sum' are incompatible.
                Type '(this: AsyncPipelineConstructor<number>) => Promise<number>' is not assignable to type '(this: AsyncPipeline<number>) => Promise<number>'.
                  The 'this' types of each signature are incompatible.
                    Type 'AsyncPipeline<number>' is missing the following properties from type 'AsyncPipelineConstructor<number>': #source, #locked, #lock, locked, and 18 more.
packages/structures/src/pipeline.ts(641,12): error TS2416: Property 'dropWhile' in type 'AsyncPipelineConstructor<T>' is not assignable to the same property in base type 'BasePipeline<T, "async"> & AsyncPipeline<T>'.
  Type '(predicate: (value: T, index: number) => boolean) => AsyncPipelineConstructor<T>' is not assignable to type '(predicate: (value: T, index: number) => boolean) => Pipeline<T, "async">'.
    Type 'AsyncPipelineConstructor<T>' is not assignable to type 'Pipeline<T, "async">'.
      Type 'AsyncPipelineConstructor<T>' is not assignable to type 'BasePipeline<T, "async">'.
        The types returned by 'take(...)' are incompatible between these types.
          Type 'AsyncPipelineConstructor<T>' is not assignable to type 'Pipeline<T, "async">'.
            Type 'AsyncPipelineConstructor<T>' is not assignable to type 'AsyncPipeline<T>'.
              Types of property 'sum' are incompatible.
                Type '(this: AsyncPipelineConstructor<number>) => Promise<number>' is not assignable to type '(this: AsyncPipeline<number>) => Promise<number>'.
                  The 'this' types of each signature are incompatible.
                    Type 'AsyncPipeline<number>' is missing the following properties from type 'AsyncPipelineConstructor<number>': #source, #locked, #lock, locked, and 18 more.
packages/structures/src/pipeline.ts(720,12): error TS2416: Property 'sort' in type 'AsyncPipelineConstructor<T>' is not assignable to the same property in base type 'BasePipeline<T, "async"> & AsyncPipeline<T>'.
  Type '(compareFn?: ((a: T, b: T) => number) | undefined) => AsyncPipelineConstructor<T>' is not assignable to type '(compareFn?: ((a: T, b: T) => number) | undefined) => Pipeline<T, "async">'.
    Type 'AsyncPipelineConstructor<T>' is not assignable to type 'Pipeline<T, "async">'.
      Type 'AsyncPipelineConstructor<T>' is not assignable to type 'BasePipeline<T, "async">'.
        The types returned by 'take(...)' are incompatible between these types.
          Type 'AsyncPipelineConstructor<T>' is not assignable to type 'Pipeline<T, "async">'.
            Type 'AsyncPipelineConstructor<T>' is not assignable to type 'AsyncPipeline<T>'.
              Types of property 'sum' are incompatible.
                Type '(this: AsyncPipelineConstructor<number>) => Promise<number>' is not assignable to type '(this: AsyncPipeline<number>) => Promise<number>'.
                  The 'this' types of each signature are incompatible.
                    Type 'AsyncPipeline<number>' is missing the following properties from type 'AsyncPipelineConstructor<number>': #source, #locked, #lock, locked, and 18 more.
packages/structures/src/pipeline.ts(733,12): error TS2416: Property 'reverse' in type 'AsyncPipelineConstructor<T>' is not assignable to the same property in base type 'BasePipeline<T, "async"> & AsyncPipeline<T>'.
  Type '() => AsyncPipelineConstructor<T>' is not assignable to type '() => Pipeline<T, "async">'.
    Type 'AsyncPipelineConstructor<T>' is not assignable to type 'Pipeline<T, "async">'.
      Type 'AsyncPipelineConstructor<T>' is not assignable to type 'BasePipeline<T, "async">'.
        The types returned by 'take(...)' are incompatible between these types.
          Type 'AsyncPipelineConstructor<T>' is not assignable to type 'Pipeline<T, "async">'.
            Type 'AsyncPipelineConstructor<T>' is not assignable to type 'AsyncPipeline<T>'.
              Types of property 'sum' are incompatible.
                Type '(this: AsyncPipelineConstructor<number>) => Promise<number>' is not assignable to type '(this: AsyncPipeline<number>) => Promise<number>'.
                  The 'this' types of each signature are incompatible.
                    Type 'AsyncPipeline<number>' is missing the following properties from type 'AsyncPipelineConstructor<number>': #source, #locked, #lock, locked, and 18 more.
packages/structures/src/pipeline.ts(746,12): error TS2416: Property 'distinct' in type 'AsyncPipelineConstructor<T>' is not assignable to the same property in base type 'BasePipeline<T, "async"> & AsyncPipeline<T>'.
  Type '() => AsyncPipelineConstructor<T>' is not assignable to type '() => Pipeline<T, "async">'.
    Type 'AsyncPipelineConstructor<T>' is not assignable to type 'Pipeline<T, "async">'.
      Type 'AsyncPipelineConstructor<T>' is not assignable to type 'BasePipeline<T, "async">'.
        The types returned by 'take(...)' are incompatible between these types.
          Type 'AsyncPipelineConstructor<T>' is not assignable to type 'Pipeline<T, "async">'.
            Type 'AsyncPipelineConstructor<T>' is not assignable to type 'AsyncPipeline<T>'.
              Types of property 'sum' are incompatible.
                Type '(this: AsyncPipelineConstructor<number>) => Promise<number>' is not assignable to type '(this: AsyncPipeline<number>) => Promise<number>'.
                  The 'this' types of each signature are incompatible.
                    Type 'AsyncPipeline<number>' is missing the following properties from type 'AsyncPipelineConstructor<number>': #source, #locked, #lock, locked, and 18 more.
packages/structures/src/pipeline.ts(759,12): error TS2416: Property 'buffer' in type 'AsyncPipelineConstructor<T>' is not assignable to the same property in base type 'BasePipeline<T, "async"> & AsyncPipeline<T>'.
  Type '(size: number) => AsyncPipelineConstructor<T[]>' is not assignable to type '(size: number) => Pipeline<T[], "async">'.
    Type 'AsyncPipelineConstructor<T[]>' is not assignable to type 'Pipeline<T[], "async">'.
      Type 'AsyncPipelineConstructor<T[]>' is not assignable to type 'BasePipeline<T[], "async">'.
        The types returned by 'take(...)' are incompatible between these types.
          Type 'AsyncPipelineConstructor<T[]>' is not assignable to type 'Pipeline<T[], "async">'.
            Type 'AsyncPipelineConstructor<T[]>' is not assignable to type 'AsyncPipeline<T[]>'.
              The types returned by 'combine(...)' are incompatible between these types.
                Type 'AsyncPipelineConstructor<U>' is not assignable to type 'Pipeline<U, "async">'.
                  Type 'AsyncPipelineConstructor<U>' is not assignable to type 'AsyncPipeline<U>'.
                    Types of property 'sum' are incompatible.
                      Type '(this: AsyncPipelineConstructor<number>) => Promise<number>' is not assignable to type '(this: AsyncPipeline<number>) => Promise<number>'.
                        The 'this' types of each signature are incompatible.
                          Type 'AsyncPipeline<number>' is missing the following properties from type 'AsyncPipelineConstructor<number>': #source, #locked, #lock, locked, and 18 more.
packages/structures/src/pipeline.ts(777,18): error TS2416: Property 'groupby' in type 'AsyncPipelineConstructor<T>' is not assignable to the same property in base type 'BasePipeline<T, "async"> & AsyncPipeline<T>'.
  Type '<K>(fn: (value: T, index: number) => K) => Promise<GroupByAccessor<K, AsyncPipelineConstructor<T>>>' is not assignable to type '<K>(fn: (value: T, index: number) => K) => Promise<GroupByAccessor<K, Pipeline<T, "async">>>'.
    Type 'Promise<GroupByAccessor<K, AsyncPipelineConstructor<T>>>' is not assignable to type 'Promise<GroupByAccessor<K, Pipeline<T, "async">>>'.
      Type 'GroupByAccessor<K, AsyncPipelineConstructor<T>>' is not assignable to type 'GroupByAccessor<K, Pipeline<T, "async">>'.
        The types returned by 'get(...)' are incompatible between these types.
          Type 'AsyncPipelineConstructor<T> | undefined' is not assignable to type 'Pipeline<T, "async"> | undefined'.
            Type 'AsyncPipelineConstructor<T>' is not assignable to type 'Pipeline<T, "async">'.
              Type 'AsyncPipelineConstructor<T>' is not assignable to type 'BasePipeline<T, "async">'.
                The types returned by 'take(...)' are incompatible between these types.
                  Type 'AsyncPipelineConstructor<T>' is not assignable to type 'Pipeline<T, "async">'.
                    Type 'AsyncPipelineConstructor<T>' is not assignable to type 'AsyncPipeline<T>'.
                      Types of property 'sum' are incompatible.
                        Type '(this: AsyncPipelineConstructor<number>) => Promise<number>' is not assignable to type '(this: AsyncPipeline<number>) => Promise<number>'.
                          The 'this' types of each signature are incompatible.
                            Type 'AsyncPipeline<number>' is missing the following properties from type 'AsyncPipelineConstructor<number>': #source, #locked, #lock, locked, and 18 more.
packages/structures/src/pipeline.ts(854,18): error TS2416: Property 'sum' in type 'AsyncPipelineConstructor<T>' is not assignable to the same property in base type 'BasePipeline<T, "async"> & AsyncPipeline<T>'.
  Type '(this: AsyncPipelineConstructor<number>) => Promise<number>' is not assignable to type '(this: AsyncPipeline<number>) => Promise<number>'.
    The 'this' types of each signature are incompatible.
      Type 'AsyncPipeline<number>' is missing the following properties from type 'AsyncPipelineConstructor<number>': #source, #locked, #lock, locked, and 18 more.
packages/structures/src/queue.ts(200,13): error TS2322: Type 'SyncPipelineConstructor<T>' is not assignable to type 'Pipeline<T, "sync"> | LinkedQueue<U>'.
  Type 'SyncPipelineConstructor<T>' is not assignable to type 'Pipeline<T, "sync">'.
    Type 'SyncPipelineConstructor<T>' is not assignable to type 'BasePipeline<T, "sync">'.
      The types returned by 'take(...)' are incompatible between these types.
        Type 'SyncPipelineConstructor<T>' is not assignable to type 'Pipeline<T, "sync">'.
          Type 'SyncPipelineConstructor<T>' is not assignable to type 'SyncPipeline<T>'.
            Types of property 'sum' are incompatible.
              Type '(this: SyncPipelineConstructor<number>) => number' is not assignable to type '(this: SyncPipeline<number>) => number'.
                The 'this' types of each signature are incompatible.
                  Type 'SyncPipeline<number>' is missing the following properties from type 'SyncPipelineConstructor<number>': #source, #locked, #lock, locked, and 18 more.
packages/structures/src/queue.ts(201,44): error TS2345: Argument of type 'SyncPipelineConstructor<T>' is not assignable to parameter of type 'Pipeline<T, "sync">'.
  Type 'SyncPipelineConstructor<T>' is not assignable to type 'BasePipeline<T, "sync">'.
    The types returned by 'take(...)' are incompatible between these types.
      Type 'SyncPipelineConstructor<T>' is not assignable to type 'Pipeline<T, "sync">'.
        Type 'SyncPipelineConstructor<T>' is not assignable to type 'SyncPipeline<T>'.
          Types of property 'sum' are incompatible.
            Type '(this: SyncPipelineConstructor<number>) => number' is not assignable to type '(this: SyncPipeline<number>) => number'.
              The 'this' types of each signature are incompatible.
                Type 'SyncPipeline<number>' is missing the following properties from type 'SyncPipelineConstructor<number>': #source, #locked, #lock, locked, and 18 more.
packages/structures/src/queue.ts(552,13): error TS2322: Type 'SyncPipelineConstructor<[number, T]>' is not assignable to type 'Pipeline<[number, T], "sync"> | PriorityQueue<U>'.
  Type 'SyncPipelineConstructor<[number, T]>' is not assignable to type 'Pipeline<[number, T], "sync">'.
    Type 'SyncPipelineConstructor<[number, T]>' is not assignable to type 'BasePipeline<[number, T], "sync">'.
      The types returned by 'take(...)' are incompatible between these types.
        Type 'SyncPipelineConstructor<[number, T]>' is not assignable to type 'Pipeline<[number, T], "sync">'.
          Type 'SyncPipelineConstructor<[number, T]>' is not assignable to type 'SyncPipeline<[number, T]>'.
            The types returned by 'combine(...)' are incompatible between these types.
              Type 'SyncPipelineConstructor<U>' is not assignable to type 'Pipeline<U, "sync">'.
                Type 'SyncPipelineConstructor<U>' is not assignable to type 'BasePipeline<U, "sync">'.
                  The types returned by 'filter(...)' are incompatible between these types.
                    Type 'SyncPipelineConstructor<any>' is not assignable to type 'Pipeline<any, "sync">'.
                      Type 'SyncPipelineConstructor<any>' is not assignable to type 'SyncPipeline<any>'.
                        Types of property 'sum' are incompatible.
                          Type '(this: SyncPipelineConstructor<number>) => number' is not assignable to type '(this: SyncPipeline<number>) => number'.
                            The 'this' types of each signature are incompatible.
                              Type 'SyncPipeline<number>' is missing the following properties from type 'SyncPipelineConstructor<number>': #source, #locked, #lock, locked, and 18 more.
packages/structures/src/queue.ts(553,46): error TS2345: Argument of type 'SyncPipelineConstructor<[number, T]>' is not assignable to parameter of type 'Pipeline<[number, T], "sync">'.
  Type 'SyncPipelineConstructor<[number, T]>' is not assignable to type 'BasePipeline<[number, T], "sync">'.
    The types returned by 'take(...)' are incompatible between these types.
      Type 'SyncPipelineConstructor<[number, T]>' is not assignable to type 'Pipeline<[number, T], "sync">'.
        Type 'SyncPipelineConstructor<[number, T]>' is not assignable to type 'SyncPipeline<[number, T]>'.
          The types returned by 'combine(...)' are incompatible between these types.
            Type 'SyncPipelineConstructor<U>' is not assignable to type 'Pipeline<U, "sync">'.
              Type 'SyncPipelineConstructor<U>' is not assignable to type 'BasePipeline<U, "sync">'.
                The types returned by 'filter(...)' are incompatible between these types.
                  Type 'SyncPipelineConstructor<any>' is not assignable to type 'Pipeline<any, "sync">'.
                    Type 'SyncPipelineConstructor<any>' is not assignable to type 'SyncPipeline<any>'.
                      Types of property 'sum' are incompatible.
                        Type '(this: SyncPipelineConstructor<number>) => number' is not assignable to type '(this: SyncPipeline<number>) => number'.
                          The 'this' types of each signature are incompatible.
                            Type 'SyncPipeline<number>' is missing the following properties from type 'SyncPipelineConstructor<number>': #source, #locked, #lock, locked, and 18 more.
packages/structures/src/series.ts(324,13): error TS2322: Type 'SyncPipelineConstructor<[Key, V]>' is not assignable to type 'Pipeline<[Key, V], "sync"> | HashMap<Key, U>'.
  Type 'SyncPipelineConstructor<[Key, V]>' is not assignable to type 'Pipeline<[Key, V], "sync">'.
    Type 'SyncPipelineConstructor<[Key, V]>' is not assignable to type 'BasePipeline<[Key, V], "sync">'.
      The types returned by 'take(...)' are incompatible between these types.
        Type 'SyncPipelineConstructor<[Key, V]>' is not assignable to type 'Pipeline<[Key, V], "sync">'.
          Type 'SyncPipelineConstructor<[Key, V]>' is not assignable to type 'SyncPipeline<[Key, V]>'.
            The types returned by 'combine(...)' are incompatible between these types.
              Type 'SyncPipelineConstructor<U>' is not assignable to type 'Pipeline<U, "sync">'.
                Type 'SyncPipelineConstructor<U>' is not assignable to type 'BasePipeline<U, "sync">'.
                  The types returned by 'filter(...)' are incompatible between these types.
                    Type 'SyncPipelineConstructor<any>' is not assignable to type 'Pipeline<any, "sync">'.
                      Type 'SyncPipelineConstructor<any>' is not assignable to type 'SyncPipeline<any>'.
                        The types returned by 'groupby(...).pipe()' are incompatible between these types.
                          Type 'Pipeline<[K, SyncPipelineConstructor<any>], "sync">' is not assignable to type 'Pipeline<[K, Pipeline<any, "sync">], "sync">'.
                            Type 'Pipeline<[K, SyncPipelineConstructor<any>], "sync">' is not assignable to type 'BasePipeline<[K, Pipeline<any, "sync">], "sync">'.
                              The types returned by 'buffer(...)' are incompatible between these types.
                                Type 'Pipeline<[K, SyncPipelineConstructor<any>][], "sync">' is not assignable to type 'Pipeline<[K, Pipeline<any, "sync">][], "sync">'.
                                  Type 'Pipeline<[K, SyncPipelineConstructor<any>][], "sync">' is not assignable to type 'BasePipeline<[K, Pipeline<any, "sync">][], "sync">'.
                                    The types of 'tap()[#queue]' are incompatible between these types.
                                      Type 'LinkedQueue<[K, SyncPipelineConstructor<any>][]>' is not assignable to type 'LinkedQueue<[K, Pipeline<any, "sync">][]>'.
                                        Type '[K, Pipeline<any, "sync">][]' is not assignable to type '[K, SyncPipelineConstructor<any>][]'.
                                          Type '[K, Pipeline<any, "sync">]' is not assignable to type '[K, SyncPipelineConstructor<any>]'.
                                            Type at position 1 in source is not compatible with type at position 1 in target.
                                              Type 'BasePipeline<any, "sync"> & SyncPipeline<any>' is missing the following properties from type 'SyncPipelineConstructor<any>': #source, #locked, #lock, [Symbol.toStringTag]
packages/structures/src/series.ts(325,40): error TS2345: Argument of type 'SyncPipelineConstructor<[Key, V]>' is not assignable to parameter of type 'Pipeline<[Key, V], "sync">'.
  Type 'SyncPipelineConstructor<[Key, V]>' is not assignable to type 'BasePipeline<[Key, V], "sync">'.
    The types returned by 'take(...)' are incompatible between these types.
      Type 'SyncPipelineConstructor<[Key, V]>' is not assignable to type 'Pipeline<[Key, V], "sync">'.
        Type 'SyncPipelineConstructor<[Key, V]>' is not assignable to type 'SyncPipeline<[Key, V]>'.
          The types returned by 'combine(...)' are incompatible between these types.
            Type 'SyncPipelineConstructor<U>' is not assignable to type 'Pipeline<U, "sync">'.
              Type 'SyncPipelineConstructor<U>' is not assignable to type 'BasePipeline<U, "sync">'.
                The types returned by 'filter(...)' are incompatible between these types.
                  Type 'SyncPipelineConstructor<any>' is not assignable to type 'Pipeline<any, "sync">'.
                    Type 'SyncPipelineConstructor<any>' is not assignable to type 'SyncPipeline<any>'.
                      The types returned by 'groupby(...).pipe()' are incompatible between these types.
                        Type 'Pipeline<[K, SyncPipelineConstructor<any>], "sync">' is not assignable to type 'Pipeline<[K, Pipeline<any, "sync">], "sync">'.
                          Type 'Pipeline<[K, SyncPipelineConstructor<any>], "sync">' is not assignable to type 'BasePipeline<[K, Pipeline<any, "sync">], "sync">'.
                            The types returned by 'buffer(...)' are incompatible between these types.
                              Type 'Pipeline<[K, SyncPipelineConstructor<any>][], "sync">' is not assignable to type 'Pipeline<[K, Pipeline<any, "sync">][], "sync">'.
                                Type 'Pipeline<[K, SyncPipelineConstructor<any>][], "sync">' is not assignable to type 'BasePipeline<[K, Pipeline<any, "sync">][], "sync">'.
                                  The types of 'tap()[#queue]' are incompatible between these types.
                                    Type 'LinkedQueue<[K, SyncPipelineConstructor<any>][]>' is not assignable to type 'LinkedQueue<[K, Pipeline<any, "sync">][]>'.
                                      Type '[K, Pipeline<any, "sync">][]' is not assignable to type '[K, SyncPipelineConstructor<any>][]'.
                                        Type '[K, Pipeline<any, "sync">]' is not assignable to type '[K, SyncPipelineConstructor<any>]'.
                                          Type at position 1 in source is not compatible with type at position 1 in target.
                                            Type 'BasePipeline<any, "sync"> & SyncPipeline<any>' is missing the following properties from type 'SyncPipelineConstructor<any>': #source, #locked, #lock, [Symbol.toStringTag]
packages/structures/src/set.ts(158,13): error TS2322: Type 'SyncPipelineConstructor<T>' is not assignable to type 'Pipeline<T, "sync"> | HashSet<U>'.
  Type 'SyncPipelineConstructor<T>' is not assignable to type 'Pipeline<T, "sync">'.
    Type 'SyncPipelineConstructor<T>' is not assignable to type 'BasePipeline<T, "sync">'.
      The types returned by 'take(...)' are incompatible between these types.
        Type 'SyncPipelineConstructor<T>' is not assignable to type 'Pipeline<T, "sync">'.
          Type 'SyncPipelineConstructor<T>' is not assignable to type 'SyncPipeline<T>'.
            Types of property 'sum' are incompatible.
              Type '(this: SyncPipelineConstructor<number>) => number' is not assignable to type '(this: SyncPipeline<number>) => number'.
                The 'this' types of each signature are incompatible.
                  Type 'SyncPipeline<number>' is missing the following properties from type 'SyncPipelineConstructor<number>': #source, #locked, #lock, locked, and 18 more.
packages/structures/src/set.ts(159,40): error TS2345: Argument of type 'SyncPipelineConstructor<T>' is not assignable to parameter of type 'Pipeline<T, "sync">'.
  Type 'SyncPipelineConstructor<T>' is not assignable to type 'BasePipeline<T, "sync">'.
    The types returned by 'take(...)' are incompatible between these types.
      Type 'SyncPipelineConstructor<T>' is not assignable to type 'Pipeline<T, "sync">'.
        Type 'SyncPipelineConstructor<T>' is not assignable to type 'SyncPipeline<T>'.
          Types of property 'sum' are incompatible.
            Type '(this: SyncPipelineConstructor<number>) => number' is not assignable to type '(this: SyncPipeline<number>) => number'.
              The 'this' types of each signature are incompatible.
                Type 'SyncPipeline<number>' is missing the following properties from type 'SyncPipelineConstructor<number>': #source, #locked, #lock, locked, and 18 more.
packages/structures/src/set.ts(638,13): error TS2322: Type 'SyncPipelineConstructor<T>' is not assignable to type 'Pipeline<T, "sync"> | TreeSet<U>'.
  Type 'SyncPipelineConstructor<T>' is not assignable to type 'Pipeline<T, "sync">'.
    Type 'SyncPipelineConstructor<T>' is not assignable to type 'BasePipeline<T, "sync">'.
      The types returned by 'take(...)' are incompatible between these types.
        Type 'SyncPipelineConstructor<T>' is not assignable to type 'Pipeline<T, "sync">'.
          Type 'SyncPipelineConstructor<T>' is not assignable to type 'SyncPipeline<T>'.
            Types of property 'sum' are incompatible.
              Type '(this: SyncPipelineConstructor<number>) => number' is not assignable to type '(this: SyncPipeline<number>) => number'.
                The 'this' types of each signature are incompatible.
                  Type 'SyncPipeline<number>' is missing the following properties from type 'SyncPipelineConstructor<number>': #source, #locked, #lock, locked, and 18 more.
packages/structures/src/set.ts(639,94): error TS2345: Argument of type 'SyncPipelineConstructor<T>' is not assignable to parameter of type 'Pipeline<T, "sync">'.
  Type 'SyncPipelineConstructor<T>' is not assignable to type 'BasePipeline<T, "sync">'.
    The types returned by 'take(...)' are incompatible between these types.
      Type 'SyncPipelineConstructor<T>' is not assignable to type 'Pipeline<T, "sync">'.
        Type 'SyncPipelineConstructor<T>' is not assignable to type 'SyncPipeline<T>'.
          Types of property 'sum' are incompatible.
            Type '(this: SyncPipelineConstructor<number>) => number' is not assignable to type '(this: SyncPipeline<number>) => number'.
              The 'this' types of each signature are incompatible.
                Type 'SyncPipeline<number>' is missing the following properties from type 'SyncPipelineConstructor<number>': #source, #locked, #lock, locked, and 18 more.
packages/structures/src/stack.ts(187,13): error TS2322: Type 'SyncPipelineConstructor<T>' is not assignable to type 'Pipeline<T, "sync"> | LinkedStack<U>'.
  Type 'SyncPipelineConstructor<T>' is not assignable to type 'Pipeline<T, "sync">'.
    Type 'SyncPipelineConstructor<T>' is not assignable to type 'BasePipeline<T, "sync">'.
      The types returned by 'take(...)' are incompatible between these types.
        Type 'SyncPipelineConstructor<T>' is not assignable to type 'Pipeline<T, "sync">'.
          Type 'SyncPipelineConstructor<T>' is not assignable to type 'SyncPipeline<T>'.
            The types returned by 'groupby(...).pipe()' are incompatible between these types.
              Type 'Pipeline<[K, SyncPipelineConstructor<T>], "sync">' is not assignable to type 'Pipeline<[K, Pipeline<T, "sync">], "sync">'.
                Type 'Pipeline<[K, SyncPipelineConstructor<T>], "sync">' is not assignable to type 'BasePipeline<[K, Pipeline<T, "sync">], "sync">'.
                  The types returned by 'flat(...)' are incompatible between these types.
                    Type 'Pipeline<T | SyncPipelineConstructor<T> | K | [K, SyncPipelineConstructor<T>] | (T extends Iterable<infer U> ? T extends string ? T : U : T) | ... 17 more ... | (K extends Iterable<...> ? K extends string ? K : U extends Iterable<...> ? U extends string ? U : U extends Iterable<...> ? U extends string ? U : U extend...' is not assignable to type 'Pipeline<T | Pipeline<T, "sync"> | K | [K, Pipeline<T, "sync">] | (T extends Iterable<infer U> ? T extends string ? T : U : T) | ... 17 more ... | (K extends Iterable<...> ? K extends string ? K : U extends Iterable<...> ? U extends string ? U : U extends Iterable<...> ? U extends string ? U : U extends Iterable<......'.
                      Type 'Pipeline<T | SyncPipelineConstructor<T> | K | [K, SyncPipelineConstructor<T>] | (T extends Iterable<infer U> ? T extends string ? T : U : T) | ... 17 more ... | (K extends Iterable<...> ? K extends string ? K : U extends Iterable<...> ? U extends string ? U : U extends Iterable<...> ? U extends string ? U : U extend...' is not assignable to type 'BasePipeline<T | Pipeline<T, "sync"> | K | [K, Pipeline<T, "sync">] | (T extends Iterable<infer U> ? T extends string ? T : U : T) | ... 17 more ... | (K extends Iterable<...> ? K extends string ? K : U extends Iterable<...> ? U extends string ? U : U extends Iterable<...> ? U extends string ? U : U extends Iterable...'.
                        The types of 'tap()[#queue]' are incompatible between these types.
                          Type 'LinkedQueue<T | SyncPipelineConstructor<T> | K | [K, SyncPipelineConstructor<T>] | (T extends Iterable<infer U> ? T extends string ? T : U : T) | ... 17 more ... | (K extends Iterable<...> ? K extends string ? K : U extends Iterable<...> ? U extends string ? U : U extends Iterable<...> ? U extends string ? U : U ext...' is not assignable to type 'LinkedQueue<T | Pipeline<T, "sync"> | K | [K, Pipeline<T, "sync">] | (T extends Iterable<infer U> ? T extends string ? T : U : T) | ... 17 more ... | (K extends Iterable<...> ? K extends string ? K : U extends Iterable<...> ? U extends string ? U : U extends Iterable<...> ? U extends string ? U : U extends Iterable<...'.
                            Type 'T | Pipeline<T, "sync"> | K | [K, Pipeline<T, "sync">] | (T extends Iterable<infer U> ? T extends string ? T : U : T) | ... 17 more ... | (K extends Iterable<...> ? K extends string ? K : U extends Iterable<...> ? U extends string ? U : U extends Iterable<...> ? U extends string ? U : U extends Iterable<...> ? U ext...' is not assignable to type 'T | SyncPipelineConstructor<T> | K | [K, SyncPipelineConstructor<T>] | (T extends Iterable<infer U> ? T extends string ? T : U : T) | ... 17 more ... | (K extends Iterable<...> ? K extends string ? K : U extends Iterable<...> ? U extends string ? U : U extends Iterable<...> ? U extends string ? U : U extends Iterabl...'.
                              Type 'Pipeline<T, "sync">' is not assignable to type 'T | SyncPipelineConstructor<T> | K | [K, SyncPipelineConstructor<T>] | (T extends Iterable<infer U> ? T extends string ? T : U : T) | ... 17 more ... | (K extends Iterable<...> ? K extends string ? K : U extends Iterable<...> ? U extends string ? U : U extends Iterable<...> ? U extends string ? U : U extends Iterabl...'.
                                Type 'BasePipeline<T, "sync"> & SyncPipeline<T>' is missing the following properties from type 'SyncPipelineConstructor<T>': #source, #locked, #lock, [Symbol.toStringTag]
packages/structures/src/stack.ts(188,44): error TS2345: Argument of type 'SyncPipelineConstructor<T>' is not assignable to parameter of type 'Pipeline<T, "sync">'.
  Type 'SyncPipelineConstructor<T>' is not assignable to type 'BasePipeline<T, "sync">'.
    The types returned by 'take(...)' are incompatible between these types.
      Type 'SyncPipelineConstructor<T>' is not assignable to type 'Pipeline<T, "sync">'.
        Type 'SyncPipelineConstructor<T>' is not assignable to type 'SyncPipeline<T>'.
          The types returned by 'groupby(...).pipe()' are incompatible between these types.
            Type 'Pipeline<[K, SyncPipelineConstructor<T>], "sync">' is not assignable to type 'Pipeline<[K, Pipeline<T, "sync">], "sync">'.
              Type 'Pipeline<[K, SyncPipelineConstructor<T>], "sync">' is not assignable to type 'BasePipeline<[K, Pipeline<T, "sync">], "sync">'.
                The types returned by 'flat(...)' are incompatible between these types.
                  Type 'Pipeline<T | SyncPipelineConstructor<T> | K | [K, SyncPipelineConstructor<T>] | (T extends Iterable<infer U> ? T extends string ? T : U : T) | ... 17 more ... | (K extends Iterable<...> ? K extends string ? K : U extends Iterable<...> ? U extends string ? U : U extends Iterable<...> ? U extends string ? U : U extend...' is not assignable to type 'Pipeline<T | Pipeline<T, "sync"> | K | [K, Pipeline<T, "sync">] | (T extends Iterable<infer U> ? T extends string ? T : U : T) | ... 17 more ... | (K extends Iterable<...> ? K extends string ? K : U extends Iterable<...> ? U extends string ? U : U extends Iterable<...> ? U extends string ? U : U extends Iterable<......'.
                    Type 'Pipeline<T | SyncPipelineConstructor<T> | K | [K, SyncPipelineConstructor<T>] | (T extends Iterable<infer U> ? T extends string ? T : U : T) | ... 17 more ... | (K extends Iterable<...> ? K extends string ? K : U extends Iterable<...> ? U extends string ? U : U extends Iterable<...> ? U extends string ? U : U extend...' is not assignable to type 'BasePipeline<T | Pipeline<T, "sync"> | K | [K, Pipeline<T, "sync">] | (T extends Iterable<infer U> ? T extends string ? T : U : T) | ... 17 more ... | (K extends Iterable<...> ? K extends string ? K : U extends Iterable<...> ? U extends string ? U : U extends Iterable<...> ? U extends string ? U : U extends Iterable...'.
                      The types of 'tap()[#queue]' are incompatible between these types.
                        Type 'LinkedQueue<T | SyncPipelineConstructor<T> | K | [K, SyncPipelineConstructor<T>] | (T extends Iterable<infer U> ? T extends string ? T : U : T) | ... 17 more ... | (K extends Iterable<...> ? K extends string ? K : U extends Iterable<...> ? U extends string ? U : U extends Iterable<...> ? U extends string ? U : U ext...' is not assignable to type 'LinkedQueue<T | Pipeline<T, "sync"> | K | [K, Pipeline<T, "sync">] | (T extends Iterable<infer U> ? T extends string ? T : U : T) | ... 17 more ... | (K extends Iterable<...> ? K extends string ? K : U extends Iterable<...> ? U extends string ? U : U extends Iterable<...> ? U extends string ? U : U extends Iterable<...'.
                          Type 'T | Pipeline<T, "sync"> | K | [K, Pipeline<T, "sync">] | (T extends Iterable<infer U> ? T extends string ? T : U : T) | ... 17 more ... | (K extends Iterable<...> ? K extends string ? K : U extends Iterable<...> ? U extends string ? U : U extends Iterable<...> ? U extends string ? U : U extends Iterable<...> ? U ext...' is not assignable to type 'T | SyncPipelineConstructor<T> | K | [K, SyncPipelineConstructor<T>] | (T extends Iterable<infer U> ? T extends string ? T : U : T) | ... 17 more ... | (K extends Iterable<...> ? K extends string ? K : U extends Iterable<...> ? U extends string ? U : U extends Iterable<...> ? U extends string ? U : U extends Iterabl...'.
                            Type 'Pipeline<T, "sync">' is not assignable to type 'T | SyncPipelineConstructor<T> | K | [K, SyncPipelineConstructor<T>] | (T extends Iterable<infer U> ? T extends string ? T : U : T) | ... 17 more ... | (K extends Iterable<...> ? K extends string ? K : U extends Iterable<...> ? U extends string ? U : U extends Iterable<...> ? U extends string ? U : U extends Iterabl...'.
                              Type 'BasePipeline<T, "sync"> & SyncPipeline<T>' is missing the following properties from type 'SyncPipelineConstructor<T>': #source, #locked, #lock, [Symbol.toStringTag]
